// Jest Snapshot v1, https://goo.gl/fbAQLP

exports[`Card component should match the snapshot 1`] = `
<DocumentFragment>
  <a
    href="/items/1"
  >
    <img
      alt="picture-item-1"
      class="item-picture"
      height="180"
      src="http://random-url.jpg"
      width="180"
    />
    <span
      class="item-metadata"
    >
      <p>
        $ 1.000 
        <img
          alt="free shipping icon"
          height="16"
          src="[object Object]"
        />
      </p>
      <h2>
        Test Title
      </h2>
    </span>
    <p
      class="item-seller"
    >
      Test Seller
    </p>
  </a>
</DocumentFragment>
`;
